foo.bar: Instance is not one of the possible values: ["a","b"]
