{
  "bool": true,
  "int": 77,
  "num": 789.1011
}
